error[E0277]: the trait bound `String: Codec` is not satisfied
  --> tests/compile-fail/precompile/codec/arg-dont-impl-codec.rs:26:43
   |
26 |     fn foo(test: &mut impl PrecompileHandle, arg: String) -> EvmResult {
   |                                              ^^^ the trait `Codec` is not implemented for `String`
   |
   = help: the following other types implement trait `Codec`:
             ()
             (TupleElement0, TupleElement1)
             (TupleElement0, TupleElement1, TupleElement2)
             (TupleElement0, TupleElement1, TupleElement2, TupleElement3)
             (TupleElement0, TupleElement1, TupleElement2, TupleElement3, TupleElement4)
             (TupleElement0, TupleElement1, TupleElement2, TupleElement3, TupleElement4, TupleElement5)
             (TupleElement0, TupleElement1, TupleElement2, TupleElement3, TupleElement4, TupleElement5, TupleElement6)
             (TupleElement0, TupleElement1, TupleElement2, TupleElement3, TupleElement4, TupleElement5, TupleElement6, TupleElement7)
           and $N others
note: required by a bound in `Reader::<'inner>::read`
  --> $WORKSPACE/precompiles/utils/src/solidity/codec/mod.rs
   |
   |     pub fn read<T: Codec>(&mut self) -> MayRevert<T> {
   |                    ^^^^^ required by this bound in `Reader::<'inner>::read`

error[E0277]: the trait bound `String: Codec` is not satisfied
  --> tests/compile-fail/precompile/codec/arg-dont-impl-codec.rs:26:43
   |
26 |     fn foo(test: &mut impl PrecompileHandle, arg: String) -> EvmResult {
   |                                              ^^^ the trait `Codec` is not implemented for `String`
   |
   = help: the following other types implement trait `Codec`:
             ()
             (TupleElement0, TupleElement1)
             (TupleElement0, TupleElement1, TupleElement2)
             (TupleElement0, TupleElement1, TupleElement2, TupleElement3)
             (TupleElement0, TupleElement1, TupleElement2, TupleElement3, TupleElement4)
             (TupleElement0, TupleElement1, TupleElement2, TupleElement3, TupleElement4, TupleElement5)
             (TupleElement0, TupleElement1, TupleElement2, TupleElement3, TupleElement4, TupleElement5, TupleElement6)
             (TupleElement0, TupleElement1, TupleElement2, TupleElement3, TupleElement4, TupleElement5, TupleElement6, TupleElement7)
           and $N others
note: required by a bound in `precompile_utils::solidity::codec::Writer::write`
  --> $WORKSPACE/precompiles/utils/src/solidity/codec/mod.rs
   |
   |     pub fn write<T: Codec>(mut self, value: T) -> Self {
   |                     ^^^^^ required by this bound in `Writer::write`

error[E0277]: the trait bound `String: Codec` is not satisfied
  --> tests/compile-fail/precompile/codec/arg-dont-impl-codec.rs:26:5
   |
26 |     fn foo(test: &mut impl PrecompileHandle, arg: String) -> EvmResult {
   |        ^^^ the trait `Codec` is not implemented for `String`
   |
   = help: the following other types implement trait `Codec`:
             ()
             (TupleElement0, TupleElement1)
             (TupleElement0, TupleElement1, TupleElement2)
             (TupleElement0, TupleElement1, TupleElement2, TupleElement3)
             (TupleElement0, TupleElement1, TupleElement2, TupleElement3, TupleElement4)
             (TupleElement0, TupleElement1, TupleElement2, TupleElement3, TupleElement4, TupleElement5)
             (TupleElement0, TupleElement1, TupleElement2, TupleElement3, TupleElement4, TupleElement5, TupleElement6)
             (TupleElement0, TupleElement1, TupleElement2, TupleElement3, TupleElement4, TupleElement5, TupleElement6, TupleElement7)
           and $N others
   = note: required for `(String,)` to implement `Codec`
