error: Precompile methods must have at least 1 parameter (the PrecompileHandle)
  --> tests/precompile/compile-fail/handle/missing.rs:24:2
   |
24 |     fn foo() {
   |     ^^^^^^^^
