error: The discriminant attribute must be the only precompile attribute of a function
  --> tests/compile-fail/precompile/fn-modifiers/discriminant-multiple.rs:24:16
   |
24 |     #[precompile::discriminant]
   |                   ^^^^^^^^^^^^
