error[E0277]: the trait bound `String: EvmData` is not satisfied
   --> tests/precompile/compile-fail/evm-data/output-dont-impl-evmdata.rs:26:46
    |
26  |     fn foo(test: &mut impl PrecompileHandle) -> EvmResult<String> {
    |                                                 ^^^^^^^^^^^^^^^^^ the trait `EvmData` is not implemented for `String`
    |
    = help: the following other types implement trait `EvmData`:
              ()
              (TupleElement0, TupleElement1)
              (TupleElement0, TupleElement1, TupleElement2)
              (TupleElement0, TupleElement1, TupleElement2, TupleElement3)
              (TupleElement0, TupleElement1, TupleElement2, TupleElement3, TupleElement4)
              (TupleElement0, TupleElement1, TupleElement2, TupleElement3, TupleElement4, TupleElement5)
              (TupleElement0, TupleElement1, TupleElement2, TupleElement3, TupleElement4, TupleElement5, TupleElement6)
              (TupleElement0, TupleElement1, TupleElement2, TupleElement3, TupleElement4, TupleElement5, TupleElement6, TupleElement7)
            and 27 others
note: required by a bound in `EvmDataWriter::write`
   --> $WORKSPACE/precompiles/utils/src/data/mod.rs
    |
    |     pub fn write<T: EvmData>(mut self, value: T) -> Self {
    |                     ^^^^^^^ required by this bound in `EvmDataWriter::write`
