error: All discriminants must have the same type (found u64 before)
  --> tests/precompile/compile-fail/discriminant/type-mismatch-1.rs:30:24
   |
30 |     fn foo(_discriminant: u32, test: &mut impl PrecompileHandle) -> EvmResult {
   |                           ^^^
