error: Precompile methods must have at least 1 parameter (the PrecompileHandle)
  --> tests/compile-fail/precompile/handle/missing.rs:24:2
   |
24 |     fn foo() {
   |     ^^^^^^^^
