error[E0277]: the trait bound `String: EvmData` is not satisfied
  --> tests/compile-fail/precompile/evm-data/output-dont-impl-evmdata.rs:26:46
   |
26 |     fn foo(test: &mut impl PrecompileHandle) -> EvmResult<String> {
   |                                                 ^^^^^^^^^^^^^^^^^ the trait `EvmData` is not implemented for `String`
   |
   = help: the following other types implement trait `EvmData`:
             ()
             (TupleElement0, TupleElement1)
             (TupleElement0, TupleElement1, TupleElement2)
             (TupleElement0, TupleElement1, TupleElement2, TupleElement3)
             (TupleElement0, TupleElement1, TupleElement2, TupleElement3, TupleElement4)
             (TupleElement0, TupleElement1, TupleElement2, TupleElement3, TupleElement4, TupleElement5)
             (TupleElement0, TupleElement1, TupleElement2, TupleElement3, TupleElement4, TupleElement5, TupleElement6)
             (TupleElement0, TupleElement1, TupleElement2, TupleElement3, TupleElement4, TupleElement5, TupleElement6, TupleElement7)
           and $N others
note: required by a bound in `encode_as_function_return_value`
  --> $WORKSPACE/precompiles/utils/src/data/mod.rs
   |
   | pub fn encode_as_function_return_value<T: EvmData>(value: T) -> Vec<u8> {
   |                                           ^^^^^^^ required by this bound in `encode_as_function_return_value`
